[colorlib.com/polygon/adminator/index.html]
[backblue.gif]
[fade.gif]
[index.html]
[colorlib.com/polygon/adminator/style.css]
[colorlib.com/polygon/adminator/assets/static/images/logo.png]
[colorlib.com/polygon/adminator/email.html]
[colorlib.com/polygon/adminator/compose.html]
[colorlib.com/polygon/adminator/calendar.html]
[colorlib.com/polygon/adminator/chat.html]
[colorlib.com/polygon/adminator/charts.html]
[colorlib.com/polygon/adminator/forms.html]
[colorlib.com/polygon/adminator/ui.html]
[colorlib.com/polygon/adminator/basic-table.html]
[colorlib.com/polygon/adminator/datatable.html]
[colorlib.com/polygon/adminator/google-maps.html]
[colorlib.com/polygon/adminator/vector-maps.html]
[colorlib.com/polygon/adminator/404.html]
[colorlib.com/polygon/adminator/500.html]
[colorlib.com/polygon/adminator/signin.html]
[colorlib.com/polygon/adminator/signup.html]
[colorlib.com/polygon/adminator/index.html]
[colorlib.com/polygon/adminator/style.css]
[colorlib.com/polygon/adminator/email.html]
[colorlib.com/polygon/adminator/compose.html]
[colorlib.com/polygon/adminator/calendar.html]
[colorlib.com/cdn-cgi/scripts/af2821b0/cloudflare-static/email-decode.min.js]
[colorlib.com/polygon/adminator/chat.html]
[colorlib.com/polygon/adminator/charts.html]
[colorlib.com/polygon/adminator/forms.html]
[colorlib.com/polygon/adminator/ui.html]
[colorlib.com/polygon/adminator/basic-table.html]
[colorlib.com/polygon/adminator/datatable.html]
[colorlib.com/polygon/adminator/google-maps.html]
[colorlib.com/polygon/adminator/vector-maps.html]
[colorlib.com/polygon/adminator/assets/static/images/404.png]
[colorlib.com/polygon/adminator/404.html]
[colorlib.com/polygon/adminator/assets/static/images/500.png]
[colorlib.com/polygon/adminator/500.html]
[colorlib.com/polygon/adminator/assets/static/images/bg.jpg]
[colorlib.com/polygon/adminator/signin.html]
[colorlib.com/polygon/adminator/signup.html]
[colorlib.com/style.css]
[colorlib.com/polygon/adminator/bundle.js]
[colorlib.com/polygon/adminator/vendor.js]
[colorlib.com/style.css]
[randomuser.me/api/portraits/men/1.jpg]
[randomuser.me/api/portraits/men/2.jpg]
[randomuser.me/api/portraits/men/3.jpg]
[randomuser.me/api/portraits/men/10.jpg]
[randomuser.me/api/portraits/men/11.jpg]
[randomuser.me/api/portraits/men/12.jpg]
[randomuser.me/api/portraits/men/4.jpg]
